// Jest Snapshot v1, https://goo.gl/fbAQLP

exports[`should attack return 1`] = `"sony dealt 23 damage!"`;
